warning: The `tool.uv.dev-dependencies` field (used in `pyproject.toml`) is deprecated and will be removed in a future release; use `dependency-groups.dev` instead
warning: `VIRTUAL_ENV=<repo>/TUTORIAL_ROUND_1/.venv` does not match the project environment path `.venv` and will be ignored; use `--active` to target the active environment instead
warning: constant `DAYS` is never used
  --> src/main.rs:27:7
   |
27 | const DAYS: [i32; 2] = ROUND0_DAYS;
   |       ^^^^
   |
   = note: `#[warn(dead_code)]` (part of `#[warn(unused)]`) on by default

warning: `rust_simulator` (bin "rust_simulator") generated 1 warning
    Finished `release` profile [optimized] target(s) in 0.19s
     Running `target/release/rust_simulator --strategy '<repo>/research_org/researchers/project_latent_fv_kalman/phase_b/b1_variants/V6_no_tick_offset.py' --sessions 100 --output '<repo>/research_org/researchers/project_latent_fv_kalman/phase_b/b1_tmp/V6_no_tick_offset' --fv-mode simulate --trade-mode simulate --tomato-support quarter --seed 20260401 --python-bin '<repo>/chrispyroberts-imc-prosperity-4/backtester/.venv/bin/python3' --write-session-limit 10 --actual-dir '<repo>/chrispyroberts-imc-prosperity-4/data/round2' --ticks-per-day 10000 --round 2`
Sessions: 100
Mean total PnL: 99,789.43
Std total PnL: 1,201.48
Median total PnL: 99,834.20
5%-95% range: 97,837.10 to 101,427.46
  ASH_COATED_OSMIUM: mean=17,239.55  std=1,054.86  p05=15,336.35  pos>0 rate=100.00%
  INTARIAN_PEPPER_ROOT: mean=82,549.88  std=568.14  p05=81,801.59  pos>0 rate=100.00%
Saved Monte Carlo dashboard to <repo>/research_org/researchers/project_latent_fv_kalman/phase_b/b1_tmp/V6_no_tick_offset/dashboard.json
